// Jest Snapshot v1, https://goo.gl/fbAQLP

exports[`<App /> matches snapshot 1`] = `
<div
  className="App"
>
  <NewMemeForm
    addMeme={[Function]}
  />
  <hr />
</div>
`;
